// Jest Snapshot v1, https://goo.gl/fbAQLP

exports[`Pruebas en <GifItem> debe hacer match con el snapshopt 1`] = `
<div>
  <div
    class="card"
  >
    <img
      alt="Link"
      src="https://www.16personalities.com/static/images/personality-types/avatars/infj-advocate.png"
    />
    <p>
      Link
    </p>
  </div>
</div>
`;
